<html>
<body>
<pre>
<h1>礦ision Build Log</h1>
<h2>Tool Versions:</h2>
IDE-Version: μVision V5.18.0.0
Copyright (C) 2016 ARM Ltd and ARM Germany GmbH. All rights reserved.
License Information: 8613469809419,  , LIC=TIVNB-2GG0Y-63LMB-26N15-M83HU-8ZF4Z
 
Tool Versions:
Toolchain:       MDK-ARM Standard  Version: 5.18
Toolchain Path:  D:\MDK\ARM\ARMCC\Bin
C Compiler:      Armcc.exe V5.06 update 1 (build 61)
Assembler:       Armasm.exe V5.06 update 1 (build 61)
Linker/Locator:  ArmLink.exe V5.06 update 1 (build 61)
Library Manager: ArmAr.exe V5.06 update 1 (build 61)
Hex Converter:   FromElf.exe V5.06 update 1 (build 61)
CPU DLL:         SARMCM3.DLL V5.18
Dialog DLL:      DCM.DLL V1.13.6.0
Target DLL:      CMSIS_AGDI.dll V1.25.7.0
Dialog DLL:      TCM.DLL V1.14.8.0
 
<h2>Project:</h2>
H:\线路检测\scope\voltage_display\Project\RVMDK（uv5）\BH-F103.uvprojx
Project File Date:  11/18/2021

<h2>Output:</h2>
*** Using Compiler 'V5.06 update 1 (build 61)', folder: 'D:\MDK\ARM\ARMCC\Bin'
Build target 'LDC'
compiling main.c...
..\..\User\main.c(126): warning:  #177-D: variable "fs" was declared but never referenced
  	float dispvalue_max,dispvalue_min,F,A=3.3,B=4096,fs=176.471;
..\..\User\main.c: 1 warning, 0 errors
linking...
Program Size: Code=17108 RO-data=15600 RW-data=4184 ZI-data=14824  
FromELF: creating hex file...
"..\..\Output\Template.axf" - 0 Error(s), 1 Warning(s).

<h2>Collection of Component include folders:</h2>
  H:\线路检测\scope\voltage_display\Project\RVMDK（uv5）\RTE
  D:\MDK\ARM\PACK\Keil\STM32F1xx_DFP\2.0.0\Device\Include

<h2>Collection of Component Files used:</h2>
Build Time Elapsed:  00:00:01
</pre>
</body>
</html>
